{
    "-profile test": {
        "content": [
            {
                "BOWTIE2_ALIGN": {
                    "bowtie2": "2.5.4",
                    "pigz": 2.8,
                    "samtools": 1.21
                },
                "BOWTIE2_BUILD": {
                    "bowtie2": "2.5.4"
                },
                "DEEPTOOLS_BAMCOVERAGE": {
                    "deeptools": "3.5.6",
                    "samtools": 1.2
                },
                "FASTP": {
                    "fastp": "1.1.0"
                },
                "MACS3_CALLPEAK": {
                    "macs3": "3.0.4"
                },
                "ROSE": {
                    "rose": "1.3.2",
                    "python": "3.6.9"
                },
                "SAMTOOLS_FAIDX": {
                    "samtools": "1.23.1"
                },
                "SAMTOOLS_INDEX": {
                    "samtools": "1.23.1"
                },
                "SAMTOOLS_SORT": {
                    "samtools": "1.23.1"
                },
                "SAMTOOLS_VIEW": {
                    "samtools": "1.23.1"
                },
                "Workflow": {
                    "atacportray/atacportray": "v1.0.0dev"
                }
            },
            [
                "epigenome",
                "epigenome/bam",
                "epigenome/bam/S1",
                "epigenome/bam/S1/S1.filtered.sorted.bam",
                "epigenome/bam/S2",
                "epigenome/bam/S2/S2.filtered.sorted.bam",
                "epigenome/bigwig",
                "epigenome/bigwig/S1",
                "epigenome/bigwig/S1/S1.coverage.bigWig",
                "epigenome/bigwig/S2",
                "epigenome/bigwig/S2/S2.coverage.bigWig",
                "epigenome/bowtie2",
                "epigenome/bowtie2/S1",
                "epigenome/bowtie2/S1/S1.bowtie2.bam",
                "epigenome/bowtie2/S1/S1.bowtie2.bowtie2.log",
                "epigenome/bowtie2/S2",
                "epigenome/bowtie2/S2/S2.bowtie2.bam",
                "epigenome/bowtie2/S2/S2.bowtie2.bowtie2.log",
                "epigenome/peaks",
                "epigenome/peaks/S1",
                "epigenome/peaks/S1/S1_peaks.narrowPeak",
                "epigenome/peaks/S1/S1_peaks.xls",
                "epigenome/peaks/S2",
                "epigenome/peaks/S2/S2_peaks.narrowPeak",
                "epigenome/peaks/S2/S2_peaks.xls",
                "epigenome/rose",
                "epigenome/rose/S1",
                "epigenome/rose/S1/versions.yml",
                "epigenome/rose/S2",
                "epigenome/rose/S2/versions.yml",
                "fastp",
                "fastp/S1",
                "fastp/S1/S1.fastp.html",
                "fastp/S1/S1.fastp.json",
                "fastp/S1/S1.fastp.log",
                "fastp/S2",
                "fastp/S2/S2.fastp.html",
                "fastp/S2/S2.fastp.json",
                "fastp/S2/S2.fastp.log",
                "multiqc",
                "multiqc/multiqc_data",
                "multiqc/multiqc_data/bowtie2_pe_plot.txt",
                "multiqc/multiqc_data/fastp-insert-size-plot.txt",
                "multiqc/multiqc_data/fastp-seq-content-gc-plot_Read_1_After_filtering.txt",
                "multiqc/multiqc_data/fastp-seq-content-gc-plot_Read_1_Before_filtering.txt",
                "multiqc/multiqc_data/fastp-seq-content-gc-plot_Read_2_After_filtering.txt",
                "multiqc/multiqc_data/fastp-seq-content-gc-plot_Read_2_Before_filtering.txt",
                "multiqc/multiqc_data/fastp-seq-content-n-plot_Read_1_After_filtering.txt",
                "multiqc/multiqc_data/fastp-seq-content-n-plot_Read_1_Before_filtering.txt",
                "multiqc/multiqc_data/fastp-seq-content-n-plot_Read_2_After_filtering.txt",
                "multiqc/multiqc_data/fastp-seq-content-n-plot_Read_2_Before_filtering.txt",
                "multiqc/multiqc_data/fastp-seq-quality-plot_Read_1_After_filtering.txt",
                "multiqc/multiqc_data/fastp-seq-quality-plot_Read_1_Before_filtering.txt",
                "multiqc/multiqc_data/fastp-seq-quality-plot_Read_2_After_filtering.txt",
                "multiqc/multiqc_data/fastp-seq-quality-plot_Read_2_Before_filtering.txt",
                "multiqc/multiqc_data/fastp_filtered_reads_plot.txt",
                "multiqc/multiqc_data/llms-full.txt",
                "multiqc/multiqc_data/multiqc.log",
                "multiqc/multiqc_data/multiqc.parquet",
                "multiqc/multiqc_data/multiqc_bowtie2.txt",
                "multiqc/multiqc_data/multiqc_citations.txt",
                "multiqc/multiqc_data/multiqc_data.json",
                "multiqc/multiqc_data/multiqc_fastp.txt",
                "multiqc/multiqc_data/multiqc_general_stats.txt",
                "multiqc/multiqc_data/multiqc_macs.txt",
                "multiqc/multiqc_data/multiqc_software_versions.txt",
                "multiqc/multiqc_data/multiqc_sources.txt",
                "multiqc/multiqc_plots",
                "multiqc/multiqc_plots/pdf",
                "multiqc/multiqc_plots/pdf/bowtie2_pe_plot-cnt.pdf",
                "multiqc/multiqc_plots/pdf/bowtie2_pe_plot-pct.pdf",
                "multiqc/multiqc_plots/pdf/fastp-insert-size-plot.pdf",
                "multiqc/multiqc_plots/pdf/fastp-seq-content-gc-plot_Read_1_After_filtering.pdf",
                "multiqc/multiqc_plots/pdf/fastp-seq-content-gc-plot_Read_1_Before_filtering.pdf",
                "multiqc/multiqc_plots/pdf/fastp-seq-content-gc-plot_Read_2_After_filtering.pdf",
                "multiqc/multiqc_plots/pdf/fastp-seq-content-gc-plot_Read_2_Before_filtering.pdf",
                "multiqc/multiqc_plots/pdf/fastp-seq-content-n-plot_Read_1_After_filtering.pdf",
                "multiqc/multiqc_plots/pdf/fastp-seq-content-n-plot_Read_1_Before_filtering.pdf",
                "multiqc/multiqc_plots/pdf/fastp-seq-content-n-plot_Read_2_After_filtering.pdf",
                "multiqc/multiqc_plots/pdf/fastp-seq-content-n-plot_Read_2_Before_filtering.pdf",
                "multiqc/multiqc_plots/pdf/fastp-seq-quality-plot_Read_1_After_filtering.pdf",
                "multiqc/multiqc_plots/pdf/fastp-seq-quality-plot_Read_1_Before_filtering.pdf",
                "multiqc/multiqc_plots/pdf/fastp-seq-quality-plot_Read_2_After_filtering.pdf",
                "multiqc/multiqc_plots/pdf/fastp-seq-quality-plot_Read_2_Before_filtering.pdf",
                "multiqc/multiqc_plots/pdf/fastp_filtered_reads_plot-cnt.pdf",
                "multiqc/multiqc_plots/pdf/fastp_filtered_reads_plot-pct.pdf",
                "multiqc/multiqc_plots/png",
                "multiqc/multiqc_plots/png/bowtie2_pe_plot-cnt.png",
                "multiqc/multiqc_plots/png/bowtie2_pe_plot-pct.png",
                "multiqc/multiqc_plots/png/fastp-insert-size-plot.png",
                "multiqc/multiqc_plots/png/fastp-seq-content-gc-plot_Read_1_After_filtering.png",
                "multiqc/multiqc_plots/png/fastp-seq-content-gc-plot_Read_1_Before_filtering.png",
                "multiqc/multiqc_plots/png/fastp-seq-content-gc-plot_Read_2_After_filtering.png",
                "multiqc/multiqc_plots/png/fastp-seq-content-gc-plot_Read_2_Before_filtering.png",
                "multiqc/multiqc_plots/png/fastp-seq-content-n-plot_Read_1_After_filtering.png",
                "multiqc/multiqc_plots/png/fastp-seq-content-n-plot_Read_1_Before_filtering.png",
                "multiqc/multiqc_plots/png/fastp-seq-content-n-plot_Read_2_After_filtering.png",
                "multiqc/multiqc_plots/png/fastp-seq-content-n-plot_Read_2_Before_filtering.png",
                "multiqc/multiqc_plots/png/fastp-seq-quality-plot_Read_1_After_filtering.png",
                "multiqc/multiqc_plots/png/fastp-seq-quality-plot_Read_1_Before_filtering.png",
                "multiqc/multiqc_plots/png/fastp-seq-quality-plot_Read_2_After_filtering.png",
                "multiqc/multiqc_plots/png/fastp-seq-quality-plot_Read_2_Before_filtering.png",
                "multiqc/multiqc_plots/png/fastp_filtered_reads_plot-cnt.png",
                "multiqc/multiqc_plots/png/fastp_filtered_reads_plot-pct.png",
                "multiqc/multiqc_plots/svg",
                "multiqc/multiqc_plots/svg/bowtie2_pe_plot-cnt.svg",
                "multiqc/multiqc_plots/svg/bowtie2_pe_plot-pct.svg",
                "multiqc/multiqc_plots/svg/fastp-insert-size-plot.svg",
                "multiqc/multiqc_plots/svg/fastp-seq-content-gc-plot_Read_1_After_filtering.svg",
                "multiqc/multiqc_plots/svg/fastp-seq-content-gc-plot_Read_1_Before_filtering.svg",
                "multiqc/multiqc_plots/svg/fastp-seq-content-gc-plot_Read_2_After_filtering.svg",
                "multiqc/multiqc_plots/svg/fastp-seq-content-gc-plot_Read_2_Before_filtering.svg",
                "multiqc/multiqc_plots/svg/fastp-seq-content-n-plot_Read_1_After_filtering.svg",
                "multiqc/multiqc_plots/svg/fastp-seq-content-n-plot_Read_1_Before_filtering.svg",
                "multiqc/multiqc_plots/svg/fastp-seq-content-n-plot_Read_2_After_filtering.svg",
                "multiqc/multiqc_plots/svg/fastp-seq-content-n-plot_Read_2_Before_filtering.svg",
                "multiqc/multiqc_plots/svg/fastp-seq-quality-plot_Read_1_After_filtering.svg",
                "multiqc/multiqc_plots/svg/fastp-seq-quality-plot_Read_1_Before_filtering.svg",
                "multiqc/multiqc_plots/svg/fastp-seq-quality-plot_Read_2_After_filtering.svg",
                "multiqc/multiqc_plots/svg/fastp-seq-quality-plot_Read_2_Before_filtering.svg",
                "multiqc/multiqc_plots/svg/fastp_filtered_reads_plot-cnt.svg",
                "multiqc/multiqc_plots/svg/fastp_filtered_reads_plot-pct.svg",
                "multiqc/multiqc_report.html",
                "pipeline_info",
                "pipeline_info/atacportray_software_mqc_versions.yml",
                "samtools",
                "samtools/S1.filtered.sorted.bam.bai",
                "samtools/S2.filtered.sorted.bam.bai"
            ],
            [
                "S1.filtered.sorted.bam:md5,68de8fbf384a1910b18f14594a225f40",
                "S2.filtered.sorted.bam:md5,1d14408434cbb766eac7e1b0c601cc2b",
                "S1.coverage.bigWig:md5,9a695d1a591546e49969dd09760e4d21",
                "S2.coverage.bigWig:md5,0e4bd001e0cbc7175ff9aba39fc8884b",
                "S1.bowtie2.bam:md5,9c1e683954556d28cdebbd7a267154cd",
                "S1.bowtie2.bowtie2.log:md5,244b90fa39dc72f2ecd7643987dc0e5e",
                "S2.bowtie2.bam:md5,c51ff74267f8513429b04424225075d3",
                "S2.bowtie2.bowtie2.log:md5,e691520d75d9544ec3ca0cf95406d761",
                "S1_peaks.narrowPeak:md5,ddabd85731aaea58e173d9936b381fa2",
                "S1_peaks.xls:md5,663b5560837e6c21b3376482dda29fbc",
                "S2_peaks.narrowPeak:md5,a200657457f15fa0334372fdab8684c0",
                "S2_peaks.xls:md5,1f2c31d97bdd2304aec9f66669d53bda",
                "versions.yml:md5,c4826bba57563322c7712eaf9a3a24f7",
                "versions.yml:md5,c4826bba57563322c7712eaf9a3a24f7",
                "S1.fastp.html:md5,3b19231c0aed4c631081adab00cdcb9a",
                "S1.fastp.json:md5,4f50beebaa05d17bcbbd72c12b0de596",
                "S1.fastp.log:md5,87c018c0e65c897e69acc118c88f3d98",
                "S2.fastp.html:md5,d8b4d117b4e8c80395358cfc572e6401",
                "S2.fastp.json:md5,aa8d14c5a8ab966a57c4164cf56dcc4f",
                "S2.fastp.log:md5,d632f0df1a56c68fbf15f3628c04648e",
                "bowtie2_pe_plot.txt:md5,890097251a27497e765769f776dd61d0",
                "fastp-insert-size-plot.txt:md5,812bf285bd1eac84c653e601f4874d40",
                "fastp-seq-content-gc-plot_Read_1_After_filtering.txt:md5,a59ea23181130eb9f04cc2098ea77875",
                "fastp-seq-content-gc-plot_Read_1_Before_filtering.txt:md5,b53bf25780e183e087b368ae76bbbe66",
                "fastp-seq-content-gc-plot_Read_2_After_filtering.txt:md5,63588cb40385be918b5894b7b4cebc30",
                "fastp-seq-content-gc-plot_Read_2_Before_filtering.txt:md5,a23b234b716efdcb45e3310a1e1f0bc3",
                "fastp-seq-content-n-plot_Read_1_After_filtering.txt:md5,9de7faacefb2698158b7093e848fab33",
                "fastp-seq-content-n-plot_Read_1_Before_filtering.txt:md5,9de7faacefb2698158b7093e848fab33",
                "fastp-seq-content-n-plot_Read_2_After_filtering.txt:md5,d6e2b39523bbd966a76fe37e17ab54cd",
                "fastp-seq-content-n-plot_Read_2_Before_filtering.txt:md5,d6e2b39523bbd966a76fe37e17ab54cd",
                "fastp-seq-quality-plot_Read_1_After_filtering.txt:md5,e599ab03192e34fb16b2f4f2d2829d54",
                "fastp-seq-quality-plot_Read_1_Before_filtering.txt:md5,5dac635e280b2eee4d0d5daa6c1f998b",
                "fastp-seq-quality-plot_Read_2_After_filtering.txt:md5,9b1469c19d97fa21a4bf815a502da41b",
                "fastp-seq-quality-plot_Read_2_Before_filtering.txt:md5,44bf82868afc12ad8dd5c0b69cd9b697",
                "fastp_filtered_reads_plot.txt:md5,ac86dd6a6f35444900408e62bec329d4",
                "multiqc_bowtie2.txt:md5,ecb3ad7eca8357bd1d393d48aad84b19",
                "multiqc_citations.txt:md5,b4f199240e89e58af25e4515ded79995",
                "multiqc_fastp.txt:md5,7223d9543a8f5de1d8a82e15369fbd90",
                "multiqc_general_stats.txt:md5,987357eb19fd4a71ad65c1558f5d14ad",
                "multiqc_macs.txt:md5,385c424703a32393fb7c3498ee427b78",
                "S1.filtered.sorted.bam.bai:md5,b63165a4eca9404f332b53df8bb074f5",
                "S2.filtered.sorted.bam.bai:md5,1fe8e9b7e3d3c6251ba132558f508924"
            ]
        ],
        "meta": {
            "nf-test": "0.9.2",
            "nextflow": "25.04.6"
        },
        "timestamp": "2026-07-02T17:24:26.648242"
    }
}